
> siliconhubs@0.1.0 build
> next build

Attention: Next.js now collects completely anonymous telemetry regarding usage.
This information is used to shape Next.js' roadmap and prioritize features.
You can learn more, including how to opt-out if you'd not like to participate in this anonymous program, by visiting the following URL:
https://nextjs.org/telemetry

  ▲ Next.js 14.2.35
  - Experiments (use with caution):
    · optimizeCss

   Creating an optimized production build ...
Failed to compile.

./app/layout.tsx
Module not found: Can't resolve '@vercel/analytics/next'

https://nextjs.org/docs/messages/module-not-found


> Build failed because of webpack errors
